// Jest Snapshot v1, https://goo.gl/fbAQLP

exports[`should render AddExpensePage correctly 1`] = `
<div>
  This is from AddExpensePage component
  <ExpenseForm
    onSubmit={[Function]}
  />
</div>
`;
