// Jest Snapshot v1, https://goo.gl/fbAQLP

exports[`should render ExpenseListItem with an expense 1`] = `
<div>
  <Link
    to="/edit/1"
  >
    <h4>
      Description: 
      Gum
    </h4>
  </Link>
  <p>
    Amount: 
    195
  </p>
  <p>
    CreatedAt: 
    0
  </p>
</div>
`;
